This is pdfTeX, Version 3.141592653-2.6-1.40.29 (MiKTeX 26.5) (preloaded format=pdflatex 2026.7.10)  12 JUL 2026 08:22
entering extended mode
 restricted \write18 enabled.
 %&-line parsing enabled.
**./Sources/Null_Edge_From_Area_to_Dirac_Gap_Manuscript_Draft_2026-07-10.tex
(Sources/Null_Edge_From_Area_to_Dirac_Gap_Manuscript_Draft_2026-07-10.tex
LaTeX2e <2026-06-01>
L3 programming layer <2026-06-18>
(C:\Users\Owner\AppData\Local\Programs\MiKTeX\tex/latex/base\article.cls
Document Class: article 2025/01/22 v1.4n Standard LaTeX document class
(C:\Users\Owner\AppData\Local\Programs\MiKTeX\tex/latex/base\size11.clo
File: size11.clo 2025/01/22 v1.4n Standard LaTeX file (size option)
)
\c@part=\count276
\c@section=\count277
\c@subsection=\count278
\c@subsubsection=\count279
\c@paragraph=\count280
\c@subparagraph=\count281
\c@figure=\count282
\c@table=\count283
\abovecaptionskip=\skip49
\belowcaptionskip=\skip50
\bibindent=\dimen150
)
(C:\Users\Owner\AppData\Local\Programs\MiKTeX\tex/latex/geometry\geometry.sty
Package: geometry 2026/03/07 v6.0 Page Geometry

(C:\Users\Owner\AppData\Local\Programs\MiKTeX\tex/latex/graphics\keyval.sty
Package: keyval 2026-05-17 v1.15 key=value parser (DPC)
\KV@toks@=\toks17
)
(C:\Users\Owner\AppData\Local\Programs\MiKTeX\tex/generic/iftex\ifvtex.sty
Package: ifvtex 2019/10/25 v1.7 ifvtex legacy package. Use iftex instead.

(C:\Users\Owner\AppData\Local\Programs\MiKTeX\tex/generic/iftex\iftex.sty
Package: iftex 2024/12/12 v1.0g TeX engine tests
))
\Gm@cnth=\count284
\Gm@cntv=\count285
\c@Gm@tempcnt=\count286
\Gm@bindingoffset=\dimen151
\Gm@wd@mp=\dimen152
\Gm@odd@mp=\dimen153
\Gm@even@mp=\dimen154
\Gm@layoutwidth=\dimen155
\Gm@layoutheight=\dimen156
\Gm@layouthoffset=\dimen157
\Gm@layoutvoffset=\dimen158
\Gm@dimlist=\toks18

(C:\Users\Owner\AppData\Local\Programs\MiKTeX\tex/latex/geometry\geometry.cfg))
(C:\Users\Owner\AppData\Local\Programs\MiKTeX\tex/latex/amsmath\amsmath.sty
Package: amsmath 2026/05/19 v2.18d AMS math features
\@mathmargin=\skip51

For additional information on amsmath, use the `?' option.
(C:\Users\Owner\AppData\Local\Programs\MiKTeX\tex/latex/amsmath\amstext.sty
Package: amstext 2024/11/17 v2.01 AMS text

(C:\Users\Owner\AppData\Local\Programs\MiKTeX\tex/latex/amsmath\amsgen.sty
File: amsgen.sty 1999/11/30 v2.0 generic functions
\@emptytoks=\toks19
\ex@=\dimen159
))
(C:\Users\Owner\AppData\Local\Programs\MiKTeX\tex/latex/amsmath\amsbsy.sty
Package: amsbsy 1999/11/29 v1.2d Bold Symbols
\pmbraise@=\dimen160
)
(C:\Users\Owner\AppData\Local\Programs\MiKTeX\tex/latex/amsmath\amsopn.sty
Package: amsopn 2022/04/08 v2.04 operator names
)
\inf@bad=\count287
LaTeX Info: Redefining \frac on input line 233.
\uproot@=\count288
\leftroot@=\count289
LaTeX Info: Redefining \overline on input line 398.
LaTeX Info: Redefining \colon on input line 409.
\classnum@=\count290
\DOTSCASE@=\count291
LaTeX Info: Redefining \ldots on input line 495.
LaTeX Info: Redefining \dots on input line 498.
LaTeX Info: Redefining \cdots on input line 619.
\Mathstrutbox@=\box53
\strutbox@=\box54
LaTeX Info: Redefining \big on input line 721.
LaTeX Info: Redefining \Big on input line 722.
LaTeX Info: Redefining \bigg on input line 723.
LaTeX Info: Redefining \Bigg on input line 724.
\big@size=\dimen161
LaTeX Font Info:    Redeclaring font encoding OML on input line 742.
LaTeX Font Info:    Redeclaring font encoding OMS on input line 743.
\macc@depth=\count292
LaTeX Info: Redefining \bmod on input line 904.
LaTeX Info: Redefining \pmod on input line 909.
LaTeX Info: Redefining \smash on input line 939.
LaTeX Info: Redefining \relbar on input line 969.
LaTeX Info: Redefining \Relbar on input line 970.
\c@MaxMatrixCols=\count293
\dotsspace@=\muskip17
\c@parentequation=\count294
\dspbrk@lvl=\count295
\tag@help=\toks20
\row@=\count296
\column@=\count297
\maxfields@=\count298
\andhelp@=\toks21
\eqnshift@=\dimen162
\alignsep@=\dimen163
\tagshift@=\dimen164
\tagwidth@=\dimen165
\totwidth@=\dimen166
\lineht@=\dimen167
\@envbody=\toks22
\multlinegap=\skip52
\multlinetaggap=\skip53
\mathdisplay@stack=\toks23
LaTeX Info: Redefining \[ on input line 2965.
LaTeX Info: Redefining \] on input line 2966.
)
(C:\Users\Owner\AppData\Local\Programs\MiKTeX\tex/latex/amsfonts\amssymb.sty
Package: amssymb 2013/01/14 v3.01 AMS font symbols

(C:\Users\Owner\AppData\Local\Programs\MiKTeX\tex/latex/amsfonts\amsfonts.sty
Package: amsfonts 2013/01/14 v3.01 Basic AMSFonts support
\symAMSa=\mathgroup4
\symAMSb=\mathgroup5
LaTeX Font Info:    Redeclaring math symbol \hbar on input line 98.
LaTeX Font Info:    Overwriting math alphabet `\mathfrak' in version `bold'
(Font)                  U/euf/m/n --> U/euf/b/n on input line 106.
)) (C:\Users\Owner\AppData\Local\Programs\MiKTeX\tex/latex/amscls\amsthm.sty
Package: amsthm 2020/05/29 v2.20.6
\thm@style=\toks24
\thm@bodyfont=\toks25
\thm@headfont=\toks26
\thm@notefont=\toks27
\thm@headpunct=\toks28
\thm@preskip=\skip54
\thm@postskip=\skip55
\thm@headsep=\skip56
\dth@everypar=\toks29
)
(C:\Users\Owner\AppData\Local\Programs\MiKTeX\tex/latex/mathtools\mathtools.sty
Package: mathtools 2024/10/04 v1.31 mathematical typesetting tools
(C:\Users\Owner\AppData\Local\Programs\MiKTeX\tex/latex/tools\calc.sty
Package: calc 2025/03/01 v4.3b Infix arithmetic (KKT,FJ)
\calc@Acount=\count299
\calc@Bcount=\count300
\calc@Adimen=\dimen168
\calc@Bdimen=\dimen169
\calc@Askip=\skip57
\calc@Bskip=\skip58
LaTeX Info: Redefining \setlength on input line 86.
LaTeX Info: Redefining \addtolength on input line 87.
\calc@Ccount=\count301
\calc@Cskip=\skip59
)
(C:\Users\Owner\AppData\Local\Programs\MiKTeX\tex/latex/mathtools\mhsetup.sty
Package: mhsetup 2021/03/18 v1.4 programming setup (MH)
)
\g_MT_multlinerow_int=\count302
\l_MT_multwidth_dim=\dimen170
\origjot=\skip60
\l_MT_shortvdotswithinadjustabove_dim=\dimen171
\l_MT_shortvdotswithinadjustbelow_dim=\dimen172
\l_MT_above_intertext_sep=\dimen173
\l_MT_below_intertext_sep=\dimen174
\l_MT_above_shortintertext_sep=\dimen175
\l_MT_below_shortintertext_sep=\dimen176
\xmathstrut@box=\box55
\xmathstrut@dim=\dimen177
) (C:\Users\Owner\AppData\Local\Programs\MiKTeX\tex/latex/booktabs\booktabs.sty
Package: booktabs 2020/01/12 v1.61803398 Publication quality tables
\heavyrulewidth=\dimen178
\lightrulewidth=\dimen179
\cmidrulewidth=\dimen180
\belowrulesep=\dimen181
\belowbottomsep=\dimen182
\aboverulesep=\dimen183
\abovetopsep=\dimen184
\cmidrulesep=\dimen185
\cmidrulekern=\dimen186
\defaultaddspace=\dimen187
\@cmidla=\count303
\@cmidlb=\count304
\@aboverulesep=\dimen188
\@belowrulesep=\dimen189
\@thisruleclass=\count305
\@lastruleclass=\count306
\@thisrulewidth=\dimen190
) (C:\Users\Owner\AppData\Local\Programs\MiKTeX\tex/latex/tools\tabularx.sty
Package: tabularx 2023/12/11 v2.12a `tabularx' package (DPC)

(C:\Users\Owner\AppData\Local\Programs\MiKTeX\tex/latex/tools\array.sty
Package: array 2026/02/24 v2.7b Tabular extension package (FMi)
\col@sep=\dimen191
\ar@mcellbox=\box56
\extrarowheight=\dimen192
\NC@list=\toks30
\extratabsurround=\skip61
\backup@length=\skip62
\ar@cellbox=\box57
)
\TX@col@width=\dimen193
\TX@old@table=\dimen194
\TX@old@col=\dimen195
\TX@target=\dimen196
\TX@delta=\dimen197
\TX@cols=\count307
\TX@ftn=\toks31
)
(C:\Users\Owner\AppData\Local\Programs\MiKTeX\tex/latex/graphics\graphicx.sty
Package: graphicx 2026-05-17 v1.2e Enhanced LaTeX Graphics (DPC,SPQR)

(C:\Users\Owner\AppData\Local\Programs\MiKTeX\tex/latex/graphics\graphics.sty
Package: graphics 2026-05-17 v1.4h Standard LaTeX Graphics (DPC,SPQR)

(C:\Users\Owner\AppData\Local\Programs\MiKTeX\tex/latex/graphics\trig.sty
Package: trig 2023/12/02 v1.11 sin cos tan (DPC)
)
(C:\Users\Owner\AppData\Local\Programs\MiKTeX\tex/latex/graphics-cfg\graphics.c
fg
File: graphics.cfg 2016/06/04 v1.11 sample graphics configuration
)
Package graphics Info: Driver file: pdftex.def on input line 106.

(C:\Users\Owner\AppData\Local\Programs\MiKTeX\tex/latex/graphics-def\pdftex.def
File: pdftex.def 2025/09/29 v1.2d Graphics/color driver for pdftex
))
\Gin@req@height=\dimen198
\Gin@req@width=\dimen199
)
(C:\Users\Owner\AppData\Local\Programs\MiKTeX\tex/latex/microtype\microtype.sty
Package: microtype 2026/03/01 v3.2d Micro-typographical refinements (RS)
(C:\Users\Owner\AppData\Local\Programs\MiKTeX\tex/latex/etoolbox\etoolbox.sty
Package: etoolbox 2025/10/02 v2.5m e-TeX tools for LaTeX (JAW)
\etb@tempcnta=\count308
)
\MT@toks=\toks32
\MT@tempbox=\box58
\MT@count=\count309
LaTeX Info: Redefining \noprotrusionifhmode on input line 1084.
LaTeX Info: Redefining \leftprotrusion on input line 1085.
\MT@prot@toks=\toks33
LaTeX Info: Redefining \rightprotrusion on input line 1104.
LaTeX Info: Redefining \textls on input line 1449.
\MT@outer@kern=\dimen256
LaTeX Info: Redefining \microtypecontext on input line 2053.
LaTeX Info: Redefining \textmicrotypecontext on input line 2070.
\MT@listname@count=\count310

(C:\Users\Owner\AppData\Local\Programs\MiKTeX\tex/latex/microtype\microtype-pdf
tex.def
File: microtype-pdftex.def 2026/03/01 v3.2d Definitions specific to pdftex (RS)

LaTeX Info: Redefining \lsstyle on input line 944.
LaTeX Info: Redefining \lslig on input line 944.
\MT@outer@space=\skip63
)
Package microtype Info: Loading configuration file microtype.cfg.

(C:\Users\Owner\AppData\Local\Programs\MiKTeX\tex/latex/microtype\microtype.cfg
File: microtype.cfg 2026/03/01 v3.2d microtype main configuration file (RS)
)
LaTeX Info: Redefining \microtypesetup on input line 3065.
)
(C:\Users\Owner\AppData\Local\Programs\MiKTeX\tex/latex/enumitem\enumitem.sty
Package: enumitem 2025/02/06 v3.11 Customized lists
\labelindent=\skip64
\enit@outerparindent=\dimen257
\enit@toks=\toks34
\enit@inbox=\box59
\enit@count@id=\count311
\enitdp@description=\count312
)
(C:\Users\Owner\AppData\Local\Programs\MiKTeX\tex/latex/xcolor\xcolor.sty
Package: xcolor 2024/09/29 v3.02 LaTeX color extensions (UK)

(C:\Users\Owner\AppData\Local\Programs\MiKTeX\tex/latex/graphics-cfg\color.cfg
File: color.cfg 2016/01/02 v1.6 sample color configuration
)
Package xcolor Info: Driver file: pdftex.def on input line 274.
(C:\Users\Owner\AppData\Local\Programs\MiKTeX\tex/latex/graphics\mathcolor.ltx)
Package xcolor Info: Model `cmy' substituted by `cmy0' on input line 1349.
Package xcolor Info: Model `hsb' substituted by `rgb' on input line 1353.
Package xcolor Info: Model `RGB' extended on input line 1365.
Package xcolor Info: Model `HTML' substituted by `rgb' on input line 1367.
Package xcolor Info: Model `Hsb' substituted by `hsb' on input line 1368.
Package xcolor Info: Model `tHsb' substituted by `hsb' on input line 1369.
Package xcolor Info: Model `HSB' substituted by `hsb' on input line 1370.
Package xcolor Info: Model `Gray' substituted by `gray' on input line 1371.
Package xcolor Info: Model `wave' substituted by `hsb' on input line 1372.
) (C:\Users\Owner\AppData\Local\Programs\MiKTeX\tex/latex/xurl\xurl.sty
Package: xurl 2022/01/09 v 0.10 modify URL breaks

(C:\Users\Owner\AppData\Local\Programs\MiKTeX\tex/latex/url\url.sty
\Urlmuskip=\muskip18
Package: url 2013/09/16  ver 3.4  Verb mode for urls, etc.
))
(C:\Users\Owner\AppData\Local\Programs\MiKTeX\tex/latex/hyperref\hyperref.sty
Package: hyperref 2026-06-17 v7.01r Hypertext links for LaTeX

(C:\Users\Owner\AppData\Local\Programs\MiKTeX\tex/latex/kvsetkeys\kvsetkeys.sty
Package: kvsetkeys 2022-10-05 v1.19 Key value parser (HO)
)
(C:\Users\Owner\AppData\Local\Programs\MiKTeX\tex/generic/kvdefinekeys\kvdefine
keys.sty
Package: kvdefinekeys 2019-12-19 v1.6 Define keys (HO)
)
(C:\Users\Owner\AppData\Local\Programs\MiKTeX\tex/generic/pdfescape\pdfescape.s
ty
Package: pdfescape 2019/12/09 v1.15 Implements pdfTeX's escape features (HO)

(C:\Users\Owner\AppData\Local\Programs\MiKTeX\tex/generic/ltxcmds\ltxcmds.sty
Package: ltxcmds 2023-12-04 v1.26 LaTeX kernel commands for general use (HO)
)
(C:\Users\Owner\AppData\Local\Programs\MiKTeX\tex/generic/pdftexcmds\pdftexcmds
.sty
Package: pdftexcmds 2020-06-27 v0.33 Utility functions of pdfTeX for LuaTeX (HO
)

(C:\Users\Owner\AppData\Local\Programs\MiKTeX\tex/generic/infwarerr\infwarerr.s
ty
Package: infwarerr 2019/12/03 v1.5 Providing info/warning/error messages (HO)
)
Package pdftexcmds Info: \pdf@primitive is available.
Package pdftexcmds Info: \pdf@ifprimitive is available.
Package pdftexcmds Info: \pdfdraftmode found.
))
(C:\Users\Owner\AppData\Local\Programs\MiKTeX\tex/latex/hycolor\hycolor.sty
Package: hycolor 2020-01-27 v1.10 Color options for hyperref/bookmark (HO)
)
(C:\Users\Owner\AppData\Local\Programs\MiKTeX\tex/latex/hyperref\nameref.sty
Package: nameref 2026-01-29 v2.58 Cross-referencing by name of section

(C:\Users\Owner\AppData\Local\Programs\MiKTeX\tex/latex/refcount\refcount.sty
Package: refcount 2019/12/15 v3.6 Data extraction from label references (HO)
)
(C:\Users\Owner\AppData\Local\Programs\MiKTeX\tex/generic/gettitlestring\gettit
lestring.sty
Package: gettitlestring 2019/12/15 v1.6 Cleanup title references (HO)

(C:\Users\Owner\AppData\Local\Programs\MiKTeX\tex/latex/kvoptions\kvoptions.sty
Package: kvoptions 2022-06-15 v3.15 Key value format for package options (HO)
))
\c@section@level=\count313
)
(C:\Users\Owner\AppData\Local\Programs\MiKTeX\tex/generic/stringenc\stringenc.s
ty
Package: stringenc 2019/11/29 v1.12 Convert strings between diff. encodings (HO
)
)
\@linkdim=\dimen258
\Hy@linkcounter=\count314
\Hy@pagecounter=\count315
 (C:\Users\Owner\AppData\Local\Programs\MiKTeX\tex/latex/hyperref\pd1enc.def
File: pd1enc.def 2026-06-17 v7.01r Hyperref: PDFDocEncoding definition (HO)
Now handling font encoding PD1 ...
... no UTF-8 mapping file for font encoding PD1
) (C:\Users\Owner\AppData\Local\Programs\MiKTeX\tex/generic/intcalc\intcalc.sty
Package: intcalc 2019/12/15 v1.3 Expandable calculations with integers (HO)
)
\Hy@SavedSpaceFactor=\count316
 (C:\Users\Owner\AppData\Local\Programs\MiKTeX\tex/latex/hyperref\puenc.def
File: puenc.def 2026-06-17 v7.01r Hyperref: PDF Unicode definition (HO)
Now handling font encoding PU ...
... no UTF-8 mapping file for font encoding PU
)
Package hyperref Info: Hyper figures OFF on input line 4199.
Package hyperref Info: Link nesting OFF on input line 4204.
Package hyperref Info: Hyper index ON on input line 4207.
Package hyperref Info: Plain pages OFF on input line 4214.
Package hyperref Info: Backreferencing OFF on input line 4219.
Package hyperref Info: Implicit mode ON; LaTeX internals redefined.
Package hyperref Info: Bookmarks ON on input line 4466.
\c@Hy@tempcnt=\count317
LaTeX Info: Redefining \url on input line 4805.
\XeTeXLinkMargin=\dimen259

(C:\Users\Owner\AppData\Local\Programs\MiKTeX\tex/generic/bitset\bitset.sty
Package: bitset 2019/12/09 v1.3 Handle bit-vector datatype (HO)

(C:\Users\Owner\AppData\Local\Programs\MiKTeX\tex/generic/bigintcalc\bigintcalc
.sty
Package: bigintcalc 2019/12/15 v1.5 Expandable calculations on big integers (HO
)
))
\Fld@menulength=\count318
\Field@Width=\dimen260
\Fld@charsize=\dimen261
Package hyperref Info: Hyper figures OFF on input line 6091.
Package hyperref Info: Link nesting OFF on input line 6096.
Package hyperref Info: Hyper index ON on input line 6099.
Package hyperref Info: backreferencing OFF on input line 6106.
Package hyperref Info: Link coloring OFF on input line 6111.
Package hyperref Info: Link coloring with OCG OFF on input line 6116.
Package hyperref Info: PDF/A mode OFF on input line 6121.
\Hy@abspage=\count319
\c@Item=\count320
\c@Hfootnote=\count321
)
Package hyperref Info: Driver (autodetected): hpdftex.

(C:\Users\Owner\AppData\Local\Programs\MiKTeX\tex/latex/hyperref\hpdftex.def
File: hpdftex.def 2026-06-17 v7.01r Hyperref driver for pdfTeX
\Fld@listcount=\count322
\c@bookmark@seq@number=\count323

(C:\Users\Owner\AppData\Local\Programs\MiKTeX\tex/latex/rerunfilecheck\rerunfil
echeck.sty
Package: rerunfilecheck 2025-06-21 v1.11 Rerun checks for auxiliary files (HO)

(C:\Users\Owner\AppData\Local\Programs\MiKTeX\tex/generic/uniquecounter\uniquec
ounter.sty
Package: uniquecounter 2019/12/15 v1.4 Provide unlimited unique counter (HO)
)
Package uniquecounter Info: New unique counter `rerunfilecheck' on input line 2
84.
)
\Hy@SectionHShift=\skip65
)
\c@theorem=\count324

(C:\Users\Owner\AppData\Local\Programs\MiKTeX\tex/latex/l3backend\l3backend-pdf
tex.def
File: l3backend-pdftex.def 2026-02-18 L3 backend support: PDF output (pdfTeX)
\l__color_backend_stack_int=\count325
)
No file Null_Edge_From_Area_to_Dirac_Gap_Manuscript_Draft_2026-07-10.aux.
\openout1 = `Null_Edge_From_Area_to_Dirac_Gap_Manuscript_Draft_2026-07-10.aux'.

LaTeX Font Info:    Checking defaults for OML/cmm/m/it on input line 50.
LaTeX Font Info:    ... okay on input line 50.
LaTeX Font Info:    Checking defaults for OMS/cmsy/m/n on input line 50.
LaTeX Font Info:    ... okay on input line 50.
LaTeX Font Info:    Checking defaults for OT1/cmr/m/n on input line 50.
LaTeX Font Info:    ... okay on input line 50.
LaTeX Font Info:    Checking defaults for T1/cmr/m/n on input line 50.
LaTeX Font Info:    ... okay on input line 50.
LaTeX Font Info:    Checking defaults for TS1/cmr/m/n on input line 50.
LaTeX Font Info:    ... okay on input line 50.
LaTeX Font Info:    Checking defaults for OMX/cmex/m/n on input line 50.
LaTeX Font Info:    ... okay on input line 50.
LaTeX Font Info:    Checking defaults for U/cmr/m/n on input line 50.
LaTeX Font Info:    ... okay on input line 50.
LaTeX Font Info:    Checking defaults for PD1/pdf/m/n on input line 50.
LaTeX Font Info:    ... okay on input line 50.
LaTeX Font Info:    Checking defaults for PU/pdf/m/n on input line 50.
LaTeX Font Info:    ... okay on input line 50.
*geometry* driver: auto-detecting
*geometry* detected driver: pdftex
*geometry* verbose mode - [ preamble ] result:
* driver: pdftex
* paper: <default>
* layout: <same size as paper>
* layoutoffset:(h,v)=(0.0pt,0.0pt)
* modes:
* h-part:(L,W,R)=(72.26999pt, 469.75502pt, 72.26999pt)
* v-part:(T,H,B)=(72.26999pt, 650.43001pt, 72.26999pt)
* \paperwidth=614.295pt
* \paperheight=794.96999pt
* \textwidth=469.75502pt
* \textheight=650.43001pt
* \oddsidemargin=0.0pt
* \evensidemargin=0.0pt
* \topmargin=-37.0pt
* \headheight=12.0pt
* \headsep=25.0pt
* \topskip=11.0pt
* \footskip=30.0pt
* \marginparwidth=59.0pt
* \marginparsep=10.0pt
* \columnsep=10.0pt
* \skip\footins=10.0pt plus 4.0pt minus 2.0pt
* \hoffset=0.0pt
* \voffset=0.0pt
* \mag=1000
* \@twocolumnfalse
* \@twosidefalse
* \@mparswitchfalse
* \@reversemarginfalse
* (1in=72.27pt=25.4mm, 1cm=28.453pt)


(C:\Users\Owner\AppData\Local\Programs\MiKTeX\tex/context/base/mkii\supp-pdf.mk
ii
[Loading MPS to PDF converter (version 2006.09.02).]
\scratchcounter=\count326
\scratchdimen=\dimen262
\scratchbox=\box60
\nofMPsegments=\count327
\nofMParguments=\count328
\everyMPshowfont=\toks35
\MPscratchCnt=\count329
\MPscratchDim=\dimen263
\MPnumerator=\count330
\makeMPintoPDFobject=\count331
\everyMPtoPDFconversion=\toks36
)
(C:\Users\Owner\AppData\Local\Programs\MiKTeX\tex/latex/epstopdf-pkg\epstopdf-b
ase.sty
Package: epstopdf-base 2020-01-24 v2.11 Base part for package epstopdf
Package epstopdf-base Info: Redefining graphics rule for `.eps' on input line 4
85.

(C:\Users\Owner\AppData\Local\Programs\MiKTeX\tex/latex/00miktex\epstopdf-sys.c
fg
File: epstopdf-sys.cfg 2021/03/18 v2.0 Configuration of epstopdf for MiKTeX
))
LaTeX Info: Redefining \microtypecontext on input line 50.
Package microtype Info: Applying patch `item' on input line 50.
Package microtype Info: Applying patch `toc' on input line 50.
Package microtype Info: Applying patch `eqnum' on input line 50.
Package microtype Info: Applying patch `footnote' on input line 50.
Package microtype Info: Applying patch `verbatim' on input line 50.
LaTeX Info: Redefining \microtypesetup on input line 50.
Package microtype Info: Generating PDF output.
Package microtype Info: Character protrusion enabled (level 2).
Package microtype Info: Using default protrusion set `alltext'.
Package microtype Info: Automatic font expansion enabled (level 2),
(microtype)             stretch: 20, shrink: 20, step: 1, non-selected.
Package microtype Info: Using default expansion set `alltext-nott'.
Package microtype Info: Patching command `\showhyphens'.
Package microtype Info: No adjustment of tracking.
Package microtype Info: No adjustment of interword spacing.
Package microtype Info: No adjustment of character kerning.

(C:\Users\Owner\AppData\Local\Programs\MiKTeX\tex/latex/microtype\mt-cmr.cfg
File: mt-cmr.cfg 2013/05/19 v2.2 microtype config. file: Computer Modern Roman
(RS)
)
Package hyperref Info: Link coloring OFF on input line 50.
\@outlinefile=\write3
\openout3 = `Null_Edge_From_Area_to_Dirac_Gap_Manuscript_Draft_2026-07-10.out'.

LaTeX Font Info:    Trying to load font information for U+msa on input line 57.


(C:\Users\Owner\AppData\Local\Programs\MiKTeX\tex/latex/amsfonts\umsa.fd
File: umsa.fd 2013/01/14 v3.01 AMS symbols A
)
(C:\Users\Owner\AppData\Local\Programs\MiKTeX\tex/latex/microtype\mt-msa.cfg
File: mt-msa.cfg 2006/02/04 v1.1 microtype config. file: AMS symbols (a) (RS)
)
LaTeX Font Info:    Trying to load font information for U+msb on input line 57.


(C:\Users\Owner\AppData\Local\Programs\MiKTeX\tex/latex/amsfonts\umsb.fd
File: umsb.fd 2013/01/14 v3.01 AMS symbols B
)
(C:\Users\Owner\AppData\Local\Programs\MiKTeX\tex/latex/microtype\mt-msb.cfg
File: mt-msb.cfg 2005/06/01 v1.0 microtype config. file: AMS symbols (b) (RS)
)
[1

{C:/Users/Owner/AppData/Local/MiKTeX/fonts/map/pdftex/pdftex.map}]
<Sources/figures/null_spinor_architecture.pdf, id=21, 697.76683pt x 203.65686pt
>
File: Sources/figures/null_spinor_architecture.pdf Graphic file (type pdf)
<use Sources/figures/null_spinor_architecture.pdf>
Package pdftex.def Info: Sources/figures/null_spinor_architecture.pdf  used on
input line 131.
(pdftex.def)             Requested size: 460.35791pt x 134.36732pt.
 [2 <./Sources/figures/null_spinor_architecture.pdf>] [3]

LaTeX Warning: Citation `ElvangHuang' on page 4 undefined on input line 273.


LaTeX Warning: Citation `ArkaniHamedMassive' on page 4 undefined on input line
273.


LaTeX Warning: Citation `FeynmanHibbs' on page 4 undefined on input line 277.


LaTeX Warning: Citation `JacobsonSchulman' on page 4 undefined on input line 27
7.


LaTeX Warning: Citation `BisioDarianoTosini' on page 4 undefined on input line
277.


LaTeX Warning: Citation `DarianoPathIntegral' on page 4 undefined on input line
 277.


LaTeX Warning: Citation `MlodinowBrun' on page 4 undefined on input line 277.


LaTeX Warning: Reference `tab:comparison' on page 4 undefined on input line 290
.


LaTeX Warning: Citation `FreeQCA' on page 4 undefined on input line 293.

[4]

LaTeX Warning: Citation `DittmaierWvdW' on page 5 undefined on input line 301.


LaTeX Warning: Citation `ArkaniHamedMassive' on page 5 undefined on input line
303.


LaTeX Warning: Reference `thm:classification' on page 5 undefined on input line
 308.


LaTeX Warning: Citation `FeynmanHibbs' on page 5 undefined on input line 342.


LaTeX Warning: Citation `JacobsonSchulman' on page 5 undefined on input line 34
2.


LaTeX Warning: Citation `BisioDarianoTosini' on page 5 undefined on input line
342.


LaTeX Warning: Citation `DarianoPathIntegral' on page 5 undefined on input line
 342.


LaTeX Warning: Citation `MallickSplitStep' on page 5 undefined on input line 34
2.


LaTeX Warning: Citation `FreeQCA' on page 5 undefined on input line 342.


LaTeX Warning: Citation `NzonganiTetra' on page 5 undefined on input line 342.


LaTeX Warning: Citation `MlodinowBrun' on page 5 undefined on input line 342.


LaTeX Warning: Citation `GuptaShortDoubling' on page 5 undefined on input line
360.


LaTeX Warning: Reference `eq:stationarynogo' on page 5 undefined on input line
362.


LaTeX Warning: Reference `eq:stationarylaurent' on page 5 undefined on input li
ne 366.


LaTeX Warning: Citation `MlodinowBrun' on page 5 undefined on input line 373.


LaTeX Warning: Reference `eq:genericcorneralias' on page 5 undefined on input l
ine 375.


LaTeX Warning: Citation `NielsenNinomiya' on page 5 undefined on input line 382
.

[5]

LaTeX Warning: Reference `tab:reparametrization' on page 6 undefined on input l
ine 397.


Underfull \hbox (badness 10000) in paragraph at lines 431--431
[]|\OT1/cmr/m/n/10 (+20) Finite two-particle
 []


LaTeX Warning: Reference `sec:threeplusone' on page 6 undefined on input line 4
40.


LaTeX Warning: Reference `eq:momentum' on page 6 undefined on input line 461.

[6] [7]

LaTeX Warning: Reference `thm:area' on page 8 undefined on input line 548.


LaTeX Warning: Reference `thm:Bz' on page 8 undefined on input line 589.

[8]

LaTeX Warning: Reference `eq:phasecov' on page 9 undefined on input line 644.


LaTeX Warning: Reference `eq:phasecov' on page 9 undefined on input line 655.


LaTeX Warning: Reference `eq:phasecov' on page 9 undefined on input line 662.

Package microtype Info: Loading generic protrusion settings for font family
(microtype)             `cmss' (encoding: OT1).
(microtype)             For optimal results, create family-specific settings.
(microtype)             See the microtype manual for details.
[9]

LaTeX Warning: Reference `eq:cubiclosure' on page 10 undefined on input line 71
1.


LaTeX Warning: Reference `eq:kcube' on page 10 undefined on input line 711.


LaTeX Warning: Reference `eq:expB' on page 10 undefined on input line 746.

[10]

LaTeX Warning: Reference `eq:expB' on page 11 undefined on input line 771.


LaTeX Warning: Reference `eq:expB' on page 11 undefined on input line 807.


LaTeX Warning: Reference `eq:pathweight' on page 11 undefined on input line 809
.


LaTeX Warning: Reference `eq:tanweight' on page 11 undefined on input line 810.



LaTeX Warning: Reference `eq:pathweight' on page 11 undefined on input line 831
.


LaTeX Warning: Citation `SucciQW' on page 11 undefined on input line 838.

[11]

LaTeX Warning: Reference `eq:groupvelocity' on page 12 undefined on input line
887.


LaTeX Warning: Reference `eq:bands' on page 12 undefined on input line 891.


LaTeX Warning: Reference `eq:dispersion' on page 12 undefined on input line 892
.


LaTeX Warning: Reference `eq:groupvelocity' on page 12 undefined on input line
899.

<Sources/figures/null_spinor_dirac_bands.pdf, id=207, 656.2445pt x 266.93715pt>

File: Sources/figures/null_spinor_dirac_bands.pdf Graphic file (type pdf)
<use Sources/figures/null_spinor_dirac_bands.pdf>
Package pdftex.def Info: Sources/figures/null_spinor_dirac_bands.pdf  used on i
nput line 910.
(pdftex.def)             Requested size: 432.17375pt x 175.79619pt.

LaTeX Warning: Citation `GuptaShortDoubling' on page 12 undefined on input line
 924.


LaTeX Warning: Reference `sec:continuum' on page 12 undefined on input line 928
.

[12]

LaTeX Warning: Reference `eq:chiral' on page 13 undefined on input line 946.


LaTeX Warning: Citation `AsbothObuse' on page 13 undefined on input line 948.


LaTeX Warning: Reference `eq:phasecov' on page 13 undefined on input line 958.

[13 <./Sources/figures/null_spinor_dirac_bands.pdf>]
<Sources/figures/null_spinor_continuum_rate.pdf, id=279, 518.15378pt x 306.2690
9pt>
File: Sources/figures/null_spinor_continuum_rate.pdf Graphic file (type pdf)
<use Sources/figures/null_spinor_continuum_rate.pdf>
Package pdftex.def Info: Sources/figures/null_spinor_continuum_rate.pdf  used o
n input line 1012.
(pdftex.def)             Requested size: 413.3867pt x 244.35199pt.


LaTeX Warning: Citation `ChildsTrotter' on page 14 undefined on input line 1022
.


LaTeX Warning: Reference `eq:rate' on page 14 undefined on input line 1026.

[14 <./Sources/figures/null_spinor_continuum_rate.pdf>]

Package hyperref Warning: Token not allowed in a PDF string (Unicode):
(hyperref)                removing `math shift' on input line 1035.


Package hyperref Warning: Token not allowed in a PDF string (Unicode):
(hyperref)                removing `math shift' on input line 1035.


LaTeX Warning: Reference `thm:rate' on page 15 undefined on input line 1044.


LaTeX Warning: Reference `eq:l2wavepacket' on page 15 undefined on input line 1
076.

[15]

LaTeX Warning: Reference `eq:scaledlivebound' on page 16 undefined on input lin
e 1190.

[16]

LaTeX Warning: Citation `MlodinowBrun' on page 17 undefined on input line 1195.



LaTeX Warning: Reference `eq:3plus1step' on page 17 undefined on input line 122
1.


LaTeX Warning: Reference `eq:3plus1step' on page 17 undefined on input line 122
9.


LaTeX Warning: Reference `eq:3plus1step' on page 17 undefined on input line 123
5.

[17]

LaTeX Warning: Reference `eq:latticemomentum' on page 18 undefined on input lin
e 1267.


LaTeX Warning: Reference `eq:complex3plus1rate' on page 18 undefined on input l
ine 1268.


LaTeX Warning: Reference `eq:plancherel3' on page 18 undefined on input line 12
69.


LaTeX Warning: Reference `eq:latticemomentum' on page 18 undefined on input lin
e 1280.


LaTeX Warning: Reference `eq:3plus1ratebound' on page 18 undefined on input lin
e 1282.


LaTeX Warning: Reference `eq:cornerparity' on page 18 undefined on input line 1
310.

[18]

LaTeX Warning: Reference `eq:bodycentermodes' on page 19 undefined on input lin
e 1386.

[19]

LaTeX Warning: Citation `GuptaShortDoubling' on page 20 undefined on input line
 1437.


LaTeX Warning: Reference `eq:stationarylaurent' on page 20 undefined on input l
ine 1442.


LaTeX Warning: Reference `eq:stationarynogo' on page 20 undefined on input line
 1444.

[20]

LaTeX Warning: Reference `eq:genericcorneralias' on page 21 undefined on input
line 1487.


LaTeX Warning: Citation `GNVW' on page 21 undefined on input line 1502.

[21]

LaTeX Warning: Citation `ReadLaurentKTheory' on page 22 undefined on input line
 1580.


LaTeX Warning: Citation `BesshoSatoFloquet' on page 22 undefined on input line
1581.

[22] [23] [24] [25]
<Sources/figures/null_spinor_3plus1_brillouin.pdf, id=429, 769.55762pt x 529.58
638pt>
File: Sources/figures/null_spinor_3plus1_brillouin.pdf Graphic file (type pdf)
<use Sources/figures/null_spinor_3plus1_brillouin.pdf>
Package pdftex.def Info: Sources/figures/null_spinor_3plus1_brillouin.pdf  used
 on input line 1872.
(pdftex.def)             Requested size: 460.35791pt x 316.80882pt.


LaTeX Warning: Reference `eq:bodycentermodes' on page 26 undefined on input lin
e 1878.


LaTeX Warning: Reference `eq:bodycentermodes' on page 26 undefined on input lin
e 1878.


LaTeX Warning: Citation `NzonganiTetra' on page 26 undefined on input line 1883
.


Package amsmath Warning: Foreign command \over;
(amsmath)                \frac or \genfrac should be used instead
(amsmath)                 on input line 1903.

[26]

LaTeX Warning: Citation `Lean4' on page 27 undefined on input line 1917.


LaTeX Warning: Citation `Mathlib' on page 27 undefined on input line 1917.


LaTeX Warning: Citation `PhysLean' on page 27 undefined on input line 1919.


LaTeX Warning: Citation `DouglasQFTLean' on page 27 undefined on input line 192
3.

[27 <./Sources/figures/null_spinor_3plus1_brillouin.pdf>]
Overfull \hbox (15.39282pt too wide) in paragraph at lines 2200--2200
[]|\OT1/cmtt/m/n/10 two[]edge[]plucker[]mass[]identity|
 []


Underfull \hbox (badness 10000) in paragraph at lines 2200--2200
[]|[]\OT1/cmr/m/sc/10 (+20) Classical[]
 []


Overfull \hbox (25.89273pt too wide) in paragraph at lines 2200--2200
[]|\OT1/cmtt/m/n/10 fin[]bundle[]plucker[]mass[]identity|
 []


Underfull \hbox (badness 10000) in paragraph at lines 2200--2200
[]|[]\OT1/cmr/m/sc/10 (+20) Classical[]
 []


Overfull \hbox (28.83273pt too wide) in paragraph at lines 2200--2200
[]|\OT1/cmtt/m/n/10 hermitian[]determinant[]uniqueness|
 []


Underfull \hbox (badness 10000) in paragraph at lines 2200--2200
[]|[]\OT1/cmr/m/sc/10 (+20) Classical[]
 []


Overfull \hbox (36.39264pt too wide) in paragraph at lines 2200--2200
[]|\OT1/cmtt/m/n/10 massOperator[]eq[]zero[]iff[]collinear|
 []


Overfull \hbox (7.83292pt too wide) in paragraph at lines 2200--2200
[]|\OT1/cmtt/m/n/10 oddHermitian[]eq[]massOperator|
 []


Overfull \hbox (52.1425pt too wide) in paragraph at lines 2200--2200
[]|\OT1/cmtt/m/n/10 unitary[]kernel[]eq[]scaled[]checkerboard|
 []


Underfull \hbox (badness 10000) in paragraph at lines 2200--2200
[]|\OT1/cmr/m/sc/10 (+20) Realization
 []


Overfull \hbox (52.1425pt too wide) in paragraph at lines 2200--2200
[]|\OT1/cmtt/m/n/10 exact[]quantum[]walk[]dispersion[]verdict|
 []


Underfull \hbox (badness 10000) in paragraph at lines 2200--2200
[]|\OT1/cmr/m/sc/10 (+20) Realization
 []


Underfull \hbox (badness 10000) in paragraph at lines 2200--2200
[]|\OT1/cmr/m/sc/10 (+20) Realization
 []


Overfull \hbox (23.58278pt too wide) in paragraph at lines 2200--2200
[]|\OT1/cmtt/m/n/10 massless[]gapless[]classification|
 []


Underfull \hbox (badness 10000) in paragraph at lines 2200--2200
[]|\OT1/cmr/m/sc/10 (+20) Realization
 []


Overfull \hbox (11.61287pt too wide) in paragraph at lines 2200--2200
[]|\OT1/cmtt/m/n/10 pathAmplitude[]eq[]corner[]power|
 []


Underfull \hbox (badness 10000) in paragraph at lines 2200--2200
[]|\OT1/cmr/m/sc/10 (+20) Realization
 []


Overfull \hbox (58.86246pt too wide) in paragraph at lines 2200--2200
[]|\OT1/cmtt/m/n/10 complexPlueckerPathSum[]eq[]transfer[]pow|
 []


Overfull \hbox (28.20268pt too wide) in paragraph at lines 2200--2200
[]|\OT1/cmtt/m/n/10 fixed[]time[]many[]step[]bound[]on[]box|
 []


Underfull \hbox (badness 10000) in paragraph at lines 2200--2200
[]|\OT1/cmr/m/sc/10 (+20) Realization
 []


Overfull \hbox (5.3852pt too wide) in paragraph at lines 2200--2200
[]|\OT1/cmtt/m/n/10 inverseSuccessiveWalk[]after\OT1/cmr/m/n/10 (-20) ,
 []


Overfull \hbox (7.83292pt too wide) in paragraph at lines 2200--2200
\OT1/cmtt/m/n/10 successiveWalk[]after[]inverse|
 []


Underfull \hbox (badness 10000) in paragraph at lines 2200--2200
[]|\OT1/cmr/m/sc/10 (+20) Realization
 []


Overfull \hbox (67.89236pt too wide) in paragraph at lines 2200--2200
[]|\OT1/cmtt/m/n/10 successiveWalk[]zero[]of[]causalSource[]zero|
 []


Underfull \hbox (badness 10000) in paragraph at lines 2200--2200
[]|\OT1/cmr/m/sc/10 (+20) Realization
 []


Overfull \hbox (72.30237pt too wide) in paragraph at lines 2200--2200
[]|\OT1/cmtt/m/n/10 Finite3Plus1FourierBridge.localStep[]mode|
 []


Underfull \hbox (badness 10000) in paragraph at lines 2200--2200
[]|\OT1/cmr/m/sc/10 (+20) Realization
 []


Overfull \hbox (32.61269pt too wide) in paragraph at lines 2200--2200
[]|\OT1/cmtt/m/n/10 finiteLocalSymbol[]eq[]analytic[]neg|
 []


Underfull \hbox (badness 10000) in paragraph at lines 2200--2200
[]|\OT1/cmr/m/sc/10 (+20) Realization
 []


Underfull \hbox (badness 10000) in paragraph at lines 2200--2200
[]|\OT1/cmr/m/sc/10 (+20) Realization
 []


Overfull \hbox (25.05278pt too wide) in paragraph at lines 2200--2200
[]|\OT1/cmtt/m/n/10 Pluecker3Plus1ComplexMass.H4[]sq|
 []


Overfull \hbox (65.58241pt too wide) in paragraph at lines 2200--2200
[]|\OT1/cmtt/m/n/10 variableComplexLocalStep[]preserves[]norm|
 []


Overfull \hbox (120.3919pt too wide) in paragraph at lines 2200--2200
[]|\OT1/cmtt/m/n/10 variableComplexLocalStep[]zero[]of[]causalSource[]zero|
 []


Overfull \hbox (32.61269pt too wide) in paragraph at lines 2200--2200
[]|\OT1/cmtt/m/n/10 local[]phase[]connection[]covariance|
 []


Overfull \hbox (30.30273pt too wide) in paragraph at lines 2200--2200
[]|\OT1/cmtt/m/n/10 gaugedCliffordAxisShift[]constant|
 []


Overfull \hbox (45.42255pt too wide) in paragraph at lines 2200--2200
[]|\OT1/cmtt/m/n/10 global[]real[]lift[]forces[]zero[]winding|
 []


Underfull \hbox (badness 10000) in paragraph at lines 2200--2200
[]|\OT1/cmr/m/sc/10 (+20) No-Go []Ker-
 []


Overfull \hbox (48.36255pt too wide) in paragraph at lines 2200--2200
[]|\OT1/cmtt/m/n/10 threeLinkUnitWinding[]not[]global[]lift|
 []


Overfull \hbox (10.63515pt too wide) in paragraph at lines 2200--2200
[]|\OT1/cmtt/m/n/10 windingOneField[]totalTurning\OT1/cmr/m/n/10 (-20) ,
 []


Overfull \hbox (41.50482pt too wide) in paragraph at lines 2200--2200
[]|\OT1/cmtt/m/n/10 totalTurning[]eq[]zero[]of[]global[]lift\OT1/cmr/m/n/10 (-2
0) ,
 []


Underfull \hbox (badness 10000) in paragraph at lines 2200--2200
\OT1/cmtt/m/n/10 totalTurning[]const\OT1/cmr/m/n/10 (+20) ,
 []


Overfull \hbox (103.8021pt too wide) in paragraph at lines 2200--2200
[]|\OT1/cmtt/m/n/10 ComplexPlueckerLocalWalk.complexLocalStep[]mode|
 []


Overfull \hbox (68.73232pt too wide) in paragraph at lines 2200--2200
[]|\OT1/cmtt/m/n/10 complex[]fixed[]time[]many[]step[]bound[]on[]box|
 []


Overfull \hbox (7.83292pt too wide) in paragraph at lines 2200--2200
[]|\OT1/cmtt/m/n/10 complexSplitStep[]eq[]explicit|
 []


Overfull \hbox (34.92264pt too wide) in paragraph at lines 2200--2200
[]|\OT1/cmtt/m/n/10 localSymbol[]many[]step[]bound[]on[]box|
 []


Overfull \hbox (27.36273pt too wide) in paragraph at lines 2200--2200
[]|\OT1/cmtt/m/n/10 threePlusOne[]finite[]kernel[]bound|
 []


Underfull \hbox (badness 10000) in paragraph at lines 2200--2200
[]|[]\OT1/cmr/m/sc/10 (+20) Classical[]
 []


Overfull \hbox (2.58296pt too wide) in paragraph at lines 2200--2200
[]|\OT1/cmtt/m/n/10 inverseDFT[]wavepacket[]error|
 []


Underfull \hbox (badness 10000) in paragraph at lines 2200--2200
[]|[]\OT1/cmr/m/sc/10 (+20) Classical[]
 []


Overfull \hbox (48.36255pt too wide) in paragraph at lines 2200--2200
[]|\OT1/cmtt/m/n/10 inverseDFT[]operator[]wavepacket[]error|
 []


Underfull \hbox (badness 10000) in paragraph at lines 2200--2200
[]|[]\OT1/cmr/m/sc/10 (+20) Classical[]
 []


Underfull \hbox (badness 10000) in paragraph at lines 2200--2200
[]|[]\OT1/cmr/m/sc/10 (+20) Classical[]
 []


Overfull \hbox (53.6125pt too wide) in paragraph at lines 2200--2200
[]|\OT1/cmtt/m/n/10 inverseDFT3[]operator[]wavepacket[]error|
 []


Underfull \hbox (badness 10000) in paragraph at lines 2200--2200
[]|[]\OT1/cmr/m/sc/10 (+20) Classical[]
 []


Overfull \hbox (106.952pt too wide) in paragraph at lines 2200--2200
[]|\OT1/cmtt/m/n/10 complex[]walk[]inverseDFT3[]wavepacket[]error[]on[]box|
 []


Underfull \hbox (badness 10000) in paragraph at lines 2200--2200
[]|[]\OT1/cmr/m/sc/10 (+20) Classical[]
 []


Overfull \hbox (115.9819pt too wide) in paragraph at lines 2200--2200
[]|\OT1/cmtt/m/n/10 eLpNorm[]two[]tendsto[]zero[]of[]uniform[]relative[]bound|

 []


Underfull \hbox (badness 10000) in paragraph at lines 2200--2200
[]|[]\OT1/cmr/m/sc/10 (+20) Classical[]
 []


Underfull \hbox (badness 1448) in paragraph at lines 2200--2200
[]|\OT1/cmr/m/n/10 (+20) uniform rel-a-tive mul-ti-plier er-ror im-plies measur
e-
 []


Overfull \hbox (160.29149pt too wide) in paragraph at lines 2200--2200
[]|\OT1/cmtt/m/n/10 walk[]error[]eLpNorm[]tendsto[]zero[]on[]compact[]support[]
any[]time|
 []


Underfull \hbox (badness 10000) in paragraph at lines 2200--2200
[]|[]\OT1/cmr/m/sc/10 (+20) Classical[]
 []


Underfull \hbox (badness 10000) in paragraph at lines 2200--2200
[]|[]\OT1/cmr/m/sc/10 (+20) Classical[]
 []


Underfull \hbox (badness 10000) in paragraph at lines 2200--2200
[]|[]\OT1/cmr/m/sc/10 (+20) Classical[]
 []


Overfull \hbox (53.6125pt too wide) in paragraph at lines 2200--2200
[]|\OT1/cmtt/m/n/10 massless[]corner[]parity[]classification|
 []


Underfull \hbox (badness 10000) in paragraph at lines 2200--2200
[]|\OT1/cmr/m/sc/10 (+20) Realization
 []


Overfull \hbox (79.86227pt too wide) in paragraph at lines 2200--2200
[]|\OT1/cmtt/m/n/10 massless[]corner[]quasienergy[]classification|
 []


Underfull \hbox (badness 10000) in paragraph at lines 2200--2200
[]|\OT1/cmr/m/sc/10 (+20) Realization
 []


Underfull \hbox (badness 10000) in paragraph at lines 2200--2200
[]|\OT1/cmr/m/sc/10 (+20) No-Go []Ker-
 []


Underfull \hbox (badness 10000) in paragraph at lines 2200--2200
[]|\OT1/cmr/m/sc/10 (+20) No-Go []Ker-
 []


Overfull \hbox (0.97519pt too wide) in paragraph at lines 2200--2200
[]|\OT1/cmtt/m/n/10 body[]center[]plus[]mode[]eigen\OT1/cmr/m/n/10 (-20) ,
 []


Overfull \hbox (4.89291pt too wide) in paragraph at lines 2200--2200
\OT1/cmtt/m/n/10 body[]center[]minus[]mode[]eigen|
 []


Underfull \hbox (badness 10000) in paragraph at lines 2200--2200
[]|\OT1/cmr/m/sc/10 (+20) No-Go []Ker-
 []


Underfull \hbox (badness 10000) in paragraph at lines 2200--2200
[]|\OT1/cmtt/m/n/10 det[]splitStep[]sub[]one\OT1/cmr/m/n/10 (+20) ,
 []


Underfull \hbox (badness 10000) in paragraph at lines 2200--2200
[]|\OT1/cmr/m/sc/10 (+20) No-Go []Ker-
 []


Overfull \hbox (18.19505pt too wide) in paragraph at lines 2200--2200
[]|\OT1/cmtt/m/n/10 zeroModePolynomial[]eq[]zero[]iff\OT1/cmr/m/n/10 (-20) ,
 []


Overfull \hbox (6.36292pt too wide) in paragraph at lines 2200--2200
\OT1/cmtt/m/n/10 piModePolynomial[]eq[]zero[]iff|
 []


Underfull \hbox (badness 10000) in paragraph at lines 2200--2200
[]|\OT1/cmr/m/sc/10 (+20) No-Go []Ker-
 []


Overfull \hbox (4.89291pt too wide) in paragraph at lines 2200--2200
[]|\OT1/cmtt/m/n/10 quarter[]turn[]mass[]extra[]zero|
 []


Underfull \hbox (badness 10000) in paragraph at lines 2200--2200
[]|\OT1/cmr/m/sc/10 (+20) No-Go []Ker-
 []


Underfull \hbox (badness 10000) in paragraph at lines 2200--2200
[]|\OT1/cmtt/m/n/10 stationary[]forces[]zero\OT1/cmr/m/n/10 (+20) ,
 []


Underfull \hbox (badness 10000) in paragraph at lines 2200--2200
[]|\OT1/cmr/m/sc/10 (+20) No-Go []Ker-
 []


Overfull \hbox (32.61269pt too wide) in paragraph at lines 2200--2200
[]|\OT1/cmtt/m/n/10 alpha1/2/3[]stationary[]forces[]zero|
 []


Underfull \hbox (badness 10000) in paragraph at lines 2200--2200
[]|\OT1/cmr/m/sc/10 (+20) No-Go []Ker-
 []


Underfull \hbox (badness 10000) in paragraph at lines 2200--2200
[]|\OT1/cmtt/m/n/10 massBlend[]sq\OT1/cmr/m/n/10 (+20) ,
 []


Overfull \hbox (75.94455pt too wide) in paragraph at lines 2200--2200
\OT1/cmtt/m/n/10 exists[]distinct[]anticommuting[]involutions\OT1/cmr/m/n/10 (-
20) ,
 []


Overfull \hbox (53.6125pt too wide) in paragraph at lines 2200--2200
\OT1/cmtt/m/n/10 exists[]nonanticommuting[]blend[]failure|
 []


Underfull \hbox (badness 10000) in paragraph at lines 2200--2200
[]|\OT1/cmr/m/sc/10 (+20) No-Go []Ker-
 []


Underfull \hbox (badness 10000) in paragraph at lines 2200--2200
[]|\OT1/cmtt/m/n/10 weylPlus[]charge\OT1/cmr/m/n/10 (+20) ,
 []


Underfull \hbox (badness 10000) in paragraph at lines 2200--2200
\OT1/cmtt/m/n/10 weylMinus[]charge\OT1/cmr/m/n/10 (+20) ,
 []


Underfull \hbox (badness 10000) in paragraph at lines 2200--2200
\OT1/cmtt/m/n/10 diracSectorCharges[]cancel\OT1/cmr/m/n/10 (+20) ,
 []


Underfull \hbox (badness 10000) in paragraph at lines 2200--2200
[]|\OT1/cmtt/m/n/10 restrictPlus[]generators\OT1/cmr/m/n/10 (+20) ,
 []


Underfull \hbox (badness 10000) in paragraph at lines 2200--2200
\OT1/cmtt/m/n/10 restrictMinus[]generators\OT1/cmr/m/n/10 (+20) ,
 []


Overfull \hbox (14.55287pt too wide) in paragraph at lines 2200--2200
\OT1/cmtt/m/n/10 liveDiracSectorCharges[]cancel|
 []


Overfull \hbox (36.88492pt too wide) in paragraph at lines 2200--2200
[]|\OT1/cmtt/m/n/10 MasslessWeylChargeCensus.detJm[]eq\OT1/cmr/m/n/10 (-20) ,
 []


Underfull \hbox (badness 10000) in paragraph at lines 2200--2200
\OT1/cmtt/m/n/10 zero[]sector[]charge[]sum\OT1/cmr/m/n/10 (+20) ,
 []


Underfull \hbox (badness 10000) in paragraph at lines 2200--2200
\OT1/cmtt/m/n/10 pi[]sector[]charge[]sum\OT1/cmr/m/n/10 (+20) ,
 []


Underfull \hbox (badness 10000) in paragraph at lines 2200--2200
\OT1/cmtt/m/n/10 live[]zero[]charge[]sum\OT1/cmr/m/n/10 (+20) ,
 []


Overfull \hbox (49.06473pt too wide) in paragraph at lines 2200--2200
[]|\OT1/cmtt/m/n/10 live[]massless[]det[]sub[]one[]eq[]zero[]iff\OT1/cmr/m/n/10
 (-20) ,
 []


Overfull \hbox (47.7325pt too wide) in paragraph at lines 2200--2200
\OT1/cmtt/m/n/10 live[]massless[]det[]add[]one[]eq[]zero[]iff|
 []


Underfull \hbox (badness 10000) in paragraph at lines 2200--2200
[]|\OT1/cmtt/m/n/10 parallelPart[]add[]perpPart\OT1/cmr/m/n/10 (+20) ,
 []


Underfull \hbox (badness 10000) in paragraph at lines 2200--2200
\OT1/cmtt/m/n/10 diracFirstJet[]perp[]eq[]zero\OT1/cmr/m/n/10 (+20) ,
 []


Overfull \hbox (55.92245pt too wide) in paragraph at lines 2200--2200
[]|\OT1/cmtt/m/n/10 live[]degree[]one[]factorized[]lower[]bound|
 []


Underfull \hbox (badness 10000) in paragraph at lines 2200--2200
[]|\OT1/cmr/m/sc/10 (+20) No-Go []Ker-
 []


Underfull \hbox (badness 10000) in paragraph at lines 2200--2200
[]|\OT1/cmtt/m/n/10 regulator[]corner[]trivial\OT1/cmr/m/n/10 (+20) ,
 []


Underfull \hbox (badness 10000) in paragraph at lines 2200--2200
\OT1/cmtt/m/n/10 product[]corner[]trivial\OT1/cmr/m/n/10 (+20) ,
 []


Overfull \hbox (22.11278pt too wide) in paragraph at lines 2200--2200
\OT1/cmtt/m/n/10 regulator[]corner[]sign[]invariant|
 []


Underfull \hbox (badness 10000) in paragraph at lines 2200--2200
[]|\OT1/cmr/m/sc/10 (+20) No-Go []Ker-
 []


Underfull \hbox (badness 4001) in paragraph at lines 2200--2200
[]|\OT1/cmr/m/n/10 (+20) integer-frequency phase com-mu-ta-tors are corner-
 []


Overfull \hbox (3.91519pt too wide) in paragraph at lines 2200--2200
[]|\OT1/cmtt/m/n/10 trigRegulator[]fderiv[]origin\OT1/cmr/m/n/10 (-20) ,
 []


Overfull \hbox (32.61269pt too wide) in paragraph at lines 2200--2200
\OT1/cmtt/m/n/10 trigRegulator[]mixed[]fderiv[]origin|
 []


Overfull \hbox (39.19487pt too wide) in paragraph at lines 2200--2200
[]|\OT1/cmtt/m/n/10 reciprocalRegulator[]sub[]one[]factor\OT1/cmr/m/n/10 (-20)
,
 []


Overfull \hbox (31.98264pt too wide) in paragraph at lines 2200--2200
\OT1/cmtt/m/n/10 neg[]one[]has[]no[]zero[]or[]pi[]crossing|
 []


Overfull \hbox (23.445pt too wide) in paragraph at lines 2200--2200
[]|\OT1/cmtt/m/n/10 exists[]additional[]zero[]crossing\OT1/cmr/m/n/10 (-20) ,
 []


Overfull \hbox (11.61287pt too wide) in paragraph at lines 2200--2200
\OT1/cmtt/m/n/10 exists[]additional[]pi[]crossing|
 []


Underfull \hbox (badness 10000) in paragraph at lines 2200--2200
[]|\OT1/cmr/m/sc/10 (+20) No-Go []Ker-
 []


Overfull \hbox (12.31505pt too wide) in paragraph at lines 2200--2200
[]|\OT1/cmtt/m/n/10 det[]sub[]one[]eq[]zero[]iff[]eq[]one\OT1/cmr/m/n/10 (-20)
,
 []


Overfull \hbox (30.51263pt too wide) in paragraph at lines 2200--2200
\OT1/cmtt/m/n/10 det[]add[]one[]eq[]zero[]iff[]eq[]neg[]one|
 []


Underfull \hbox (badness 10000) in paragraph at lines 2200--2200
[]|\OT1/cmtt/m/n/10 exact[]offCorner[]alias\OT1/cmr/m/n/10 (+20) ,
 []


Underfull \hbox (badness 10000) in paragraph at lines 2200--2200
[]|\OT1/cmr/m/sc/10 (+20) No-Go []Ker-
 []


Underfull \hbox (badness 10000) in paragraph at lines 2200--2200
[]|\OT1/cmtt/m/n/10 rootPoly[]existsUnique[]real\OT1/cmr/m/n/10 (+20) ,
 []


Underfull \hbox (badness 10000) in paragraph at lines 2200--2200
\OT1/cmtt/m/n/10 excludedPoly[]pos\OT1/cmr/m/n/10 (+20) ,
 []


Overfull \hbox (1.11296pt too wide) in paragraph at lines 2200--2200
\OT1/cmtt/m/n/10 real[]elimination[]factor[]iff|
 []


Overfull \hbox (27.85501pt too wide) in paragraph at lines 2200--2200
[]|\OT1/cmtt/m/n/10 correctedEliminationCertificate\OT1/cmr/m/n/10 (-20) ,
 []


Overfull \hbox (84.27228pt too wide) in paragraph at lines 2200--2200
\OT1/cmtt/m/n/10 eliminationFactorNecessaryOfNumeratorsZero|
 []


Underfull \hbox (badness 2103) in paragraph at lines 2200--2200
\OT1/cmr/m/n/10 (+20) con-se-quence; gen-er-ated quo-tient nor-mal-iza-tion is
 []


Underfull \hbox (badness 10000) in paragraph at lines 2200--2200
[]|\OT1/cmtt/m/n/10 live[]eq[]one[]iff[]numerators\OT1/cmr/m/n/10 (+20) ,
 []


Overfull \hbox (4.89291pt too wide) in paragraph at lines 2200--2200
\OT1/cmtt/m/n/10 tz[]zero[]interior[]live[]census|
 []


Underfull \hbox (badness 10000) in paragraph at lines 2200--2200
[]|\OT1/cmtt/m/n/10 exact[]alias[]of[]root\OT1/cmr/m/n/10 (+20) ,
 []


Overfull \hbox (25.89273pt too wide) in paragraph at lines 2200--2200
\OT1/cmtt/m/n/10 exists[]exact[]fully[]offaxis[]alias|
 []


Underfull \hbox (badness 10000) in paragraph at lines 2200--2200
[]|\OT1/cmr/m/sc/10 (+20) No-Go []Ker-
 []


Underfull \hbox (badness 10000) in paragraph at lines 2200--2200
[]|\OT1/cmtt/m/n/10 quintic[]fiber[]unique\OT1/cmr/m/n/10 (+20) ,
 []


Overfull \hbox (31.14268pt too wide) in paragraph at lines 2200--2200
\OT1/cmtt/m/n/10 live[]identity[]finite[]chart[]census|
 []


Underfull \hbox (badness 10000) in paragraph at lines 2200--2200
[]|\OT1/cmr/m/sc/10 (+20) No-Go []Ker-
 []


Overfull \hbox (11.4751pt too wide) in paragraph at lines 2200--2200
[]|\OT1/cmtt/m/n/10 corner[]unique[]rep[]and[]flavour\OT1/cmr/m/n/10 (-20) ,
 []


Overfull \hbox (37.60014pt too wide) in paragraph at lines 2200--2200
\OT1/cmtt/m/n/10 wrongCover[]diagonal[]not[]surjective|
 []


Overfull \hbox (3.91519pt too wide) in paragraph at lines 2200--2200
[]|\OT1/cmtt/m/n/10 splitStep[]cover[]intertwines\OT1/cmr/m/n/10 (-20) ,
 []


Underfull \hbox (badness 10000) in paragraph at lines 2200--2200
\OT1/cmtt/m/n/10 cover[]det[]alias\OT1/cmr/m/n/10 (+20) ,
 []


Overfull \hbox (27.10023pt too wide) in paragraph at lines 2200--2200
\OT1/cmtt/m/n/10 wrongCover[]halfperiod[]not[]scalar|
 []


Underfull \hbox (badness 10000) in paragraph at lines 2200--2200
[]|\OT1/cmtt/m/n/10 wilsonAxis[]pi[]int\OT1/cmr/m/n/10 (+20) ,
 []


Underfull \hbox (badness 10000) in paragraph at lines 2200--2200
[]|\OT1/cmr/m/sc/10 (+20) No-Go []Ker-
 []


Underfull \hbox (badness 10000) in paragraph at lines 2200--2200
[]|\OT1/cmr/m/n/10 (+20) every strict integer-frequency mem-ber of the
 []


Underfull \hbox (badness 3758) in paragraph at lines 2200--2200
\OT1/cmr/m/n/10 (+20) commutator--Wilson ansatz has triv-ial zone-edge
 []


Overfull \hbox (27.22496pt too wide) in paragraph at lines 2200--2200
[]|\OT1/cmtt/m/n/10 no[]integer[]pythagorean[]zone[]edge\OT1/cmr/m/n/10 (-20) ,

 []


Underfull \hbox (badness 10000) in paragraph at lines 2200--2200
[]|\OT1/cmr/m/sc/10 (+20) No-Go []Ker-
 []


Underfull \hbox (badness 10000) in paragraph at lines 2200--2200
[]|\OT1/cmr/m/sc/10 (+20) Realization
 []


Overfull \hbox (122.70186pt too wide) in paragraph at lines 2200--2200
[]|\OT1/cmtt/m/n/10 no[]constant[]onsite[]equivalence[]of[]corner[]separation|

 []


Underfull \hbox (badness 10000) in paragraph at lines 2200--2200
[]|\OT1/cmr/m/sc/10 (+20) No-Go []Ker-
 []


Underfull \hbox (badness 10000) in paragraph at lines 2200--2200
[]|\OT1/cmtt/m/n/10 massCoin4[]block2[]closes\OT1/cmr/m/n/10 (+20) ,
 []


Overfull \hbox (16.60033pt too wide) in paragraph at lines 2200--2200
\OT1/cmtt/m/n/10 xy[]blocking[]nonclosure[]control|
 []


Overfull \hbox (74.47455pt too wide) in paragraph at lines 2200--2200
[]|\OT1/cmtt/m/n/10 no[]stationary[]positive[]homogeneous[]action\OT1/cmr/m/n/1
0 (-20) ,
 []


Overfull \hbox (1.11296pt too wide) in paragraph at lines 2200--2200
\OT1/cmtt/m/n/10 no[]nonzero[]stationary[]scale|
 []


Underfull \hbox (badness 10000) in paragraph at lines 2200--2200
[]|\OT1/cmr/m/sc/10 (+20) No-Go []Ker-
 []


Underfull \hbox (badness 10000) in paragraph at lines 2200--2200
[]|\OT1/cmtt/m/n/10 create[]annihilate[]same[]add\OT1/cmr/m/n/10 (+20) ,
 []


Underfull \hbox (badness 10000) in paragraph at lines 2200--2200
[]|\OT1/cmtt/m/n/10 Gamma[]vac\OT1/cmr/m/n/10 (+20) ,
 []


Underfull \hbox (badness 10000) in paragraph at lines 2200--2200
\OT1/cmtt/m/n/10 Gamma[]apply[]singleton\OT1/cmr/m/n/10 (+20) ,
 []


Underfull \hbox (badness 10000) in paragraph at lines 2200--2200
[]|\OT1/cmtt/m/n/10 Gamma[]one\OT1/cmr/m/n/10 (+20) , \OT1/cmtt/m/n/10 gammaEnt
ry[]mul\OT1/cmr/m/n/10 (+20) ,
 []


Overfull \hbox (35.41492pt too wide) in paragraph at lines 2200--2200
[]|\OT1/cmtt/m/n/10 plueckerQuartic[]forward[]amplitude\OT1/cmr/m/n/10 (-20) ,
 []


Overfull \hbox (37.60014pt too wide) in paragraph at lines 2200--2200
\OT1/cmtt/m/n/10 witness[]pair[]orientation[]sensitive|
 []


Underfull \hbox (badness 10000) in paragraph at lines 2200--2200
\OT1/cmtt/m/n/10 witnessPairKick[]involutive\OT1/cmr/m/n/10 (+20) ,
 []


Overfull \hbox (45.65233pt too wide) in paragraph at lines 2200--2200
\OT1/cmtt/m/n/10 witnessPairKick[]preserves[]fockInner\OT1/cmr/m/n/10 (-20) ,
 []


Overfull \hbox (26.38501pt too wide) in paragraph at lines 2200--2200
[]|\OT1/cmtt/m/n/10 quarticPairTransfer[]isHermitian\OT1/cmr/m/n/10 (-20) ,
 []


Overfull \hbox (20.64278pt too wide) in paragraph at lines 2200--2200
\OT1/cmtt/m/n/10 pairKick[]eq[]quartic[]add[]offPair|
 []


Underfull \hbox (badness 10000) in paragraph at lines 2200--2200
[]|\OT1/cmtt/m/n/10 pairKick[]singleton\OT1/cmr/m/n/10 (+20) ,
 []


Overfull \hbox (63.84991pt too wide) in paragraph at lines 2200--2200
\OT1/cmtt/m/n/10 witnessPairKick[]two[]particle[]nontrivial|
 []


Overfull \hbox (32.61269pt too wide) in paragraph at lines 2200--2200
[]|\OT1/cmtt/m/n/10 quarticPairTransfer[]sq[]eq[]project|
 []


Underfull \hbox (badness 10000) in paragraph at lines 2200--2200
[]|\OT1/cmtt/m/n/10 bKickL[]CARSupported\OT1/cmr/m/n/10 (+20) ,
 []


Underfull \hbox (badness 10000) in paragraph at lines 2200--2200
\OT1/cmtt/m/n/10 heisenStep[]CARSupported\OT1/cmr/m/n/10 (+20) ,
 []


Overfull \hbox (14.55287pt too wide) in paragraph at lines 2200--2200
\OT1/cmtt/m/n/10 heisenFoldBlocks[]CARSupported|
 []


Underfull \hbox (badness 10000) in paragraph at lines 2200--2200
[]|\OT1/cmtt/m/n/10 bKickL[]commute[]disjoint\OT1/cmr/m/n/10 (+20) ,
 []


Underfull \hbox (badness 10000) in paragraph at lines 2200--2200
\OT1/cmtt/m/n/10 witBlock[]forward[]amplitude\OT1/cmr/m/n/10 (+20) ,
 []


Overfull \hbox (24.91501pt too wide) in paragraph at lines 2200--2200
[]|\OT1/cmtt/m/n/10 witness[]conjugate[]restOperators\OT1/cmr/m/n/10 (-20) ,
 []


Overfull \hbox (2.58296pt too wide) in paragraph at lines 2200--2200
\OT1/cmtt/m/n/10 doubleKick[]return[]amplitude|
 []


Overfull \hbox (35.41492pt too wide) in paragraph at lines 2200--2200
[]|\OT1/cmtt/m/n/10 doubleKick[]interference[]amplitude\OT1/cmr/m/n/10 (-20) ,
 []


Overfull \hbox (7.57042pt too wide) in paragraph at lines 2200--2200
\OT1/cmtt/m/n/10 witness[]survival[]probability|
 []

[28]
Overfull \vbox (2188.26999pt too high) has occurred while \output is active []


[29]
Overfull \hbox (1.63737pt too wide) in paragraph at lines 2291--2291
[]\OT1/cmtt/m/n/10.95 lake env lean PhysicsSM/Draft/NullEdge/FiniteWalkOnsiteEq
uivalenceObstruction.lean[]
 []

[30] [31] [32]

LaTeX Warning: Reference `eq:plancherel3' on page 33 undefined on input line 24
47.


LaTeX Warning: Reference `eq:countablel2' on page 33 undefined on input line 24
47.


LaTeX Warning: Reference `eq:continuousl2multiplier' on page 33 undefined on in
put line 2448.


LaTeX Warning: Reference `eq:walkcompactl2' on page 33 undefined on input line
2448.

[33]

LaTeX Warning: Reference `eq:stationarynogo' on page 34 undefined on input line
 2452.


LaTeX Warning: Reference `eq:wilsonsquare' on page 34 undefined on input line 2
454.


LaTeX Warning: Citation `GuptaShortDoubling' on page 34 undefined on input line
 2460.


LaTeX Warning: Reference `eq:cornerparity' on page 34 undefined on input line 2
472.


LaTeX Warning: Reference `eq:bodycentermodes' on page 34 undefined on input lin
e 2472.

[34] [35] [36] [37]
(C:\Projects\StandardModel\AgentTasks\latex-build\null-edge-main\Null_Edge_From
_Area_to_Dirac_Gap_Manuscript_Draft_2026-07-10.aux)
 ***********
LaTeX2e <2026-06-01>
L3 programming layer <2026-06-18>
 ***********


LaTeX Warning: There were undefined references.


LaTeX Warning: Label(s) may have changed. Rerun to get cross-references right.


Package rerunfilecheck Warning: File `Null_Edge_From_Area_to_Dirac_Gap_Manuscri
pt_Draft_2026-07-10.out' has changed.
(rerunfilecheck)                Rerun to get outlines right
(rerunfilecheck)                or use package `bookmark'.

Package rerunfilecheck Info: Checksums for `Null_Edge_From_Area_to_Dirac_Gap_Ma
nuscript_Draft_2026-07-10.out':
(rerunfilecheck)             Before: <no file>
(rerunfilecheck)             After:  AF6B6C28E9DC24268ECAACA702B5B420;4171.
 )
Here is how much of TeX's memory you used:
 14749 strings out of 467510
 232301 string characters out of 5408794
 853407 words of memory out of 5000000
 43229 multiletter control sequences out of 15000+600000
 658356 words of font info for 305 fonts, out of 8000000 for 9000
 1141 hyphenation exceptions out of 8191
 74i,12n,79p,1067b,753s stack positions out of 10000i,1000n,20000p,200000b,200000s
 <C:\Users\Owner\AppData\Local\MiKTeX\fonts/pk/ljfour/jknappen/ec/dpi600\tcrm
1095.pk><C:/Users/Owner/AppData/Local/Programs/MiKTeX/fonts/type1/public/amsfon
ts/cm/cmbx10.pfb><C:/Users/Owner/AppData/Local/Programs/MiKTeX/fonts/type1/publ
ic/amsfonts/cm/cmbx12.pfb><C:/Users/Owner/AppData/Local/Programs/MiKTeX/fonts/t
ype1/public/amsfonts/cm/cmbx8.pfb><C:/Users/Owner/AppData/Local/Programs/MiKTeX
/fonts/type1/public/amsfonts/cm/cmcsc10.pfb><C:/Users/Owner/AppData/Local/Progr
ams/MiKTeX/fonts/type1/public/amsfonts/cm/cmex10.pfb><C:/Users/Owner/AppData/Lo
cal/Programs/MiKTeX/fonts/type1/public/amsfonts/cm/cmmi10.pfb><C:/Users/Owner/A
ppData/Local/Programs/MiKTeX/fonts/type1/public/amsfonts/cm/cmmi6.pfb><C:/Users
/Owner/AppData/Local/Programs/MiKTeX/fonts/type1/public/amsfonts/cm/cmmi7.pfb><
C:/Users/Owner/AppData/Local/Programs/MiKTeX/fonts/type1/public/amsfonts/cm/cmm
i8.pfb><C:/Users/Owner/AppData/Local/Programs/MiKTeX/fonts/type1/public/amsfont
s/cm/cmr10.pfb><C:/Users/Owner/AppData/Local/Programs/MiKTeX/fonts/type1/public
/amsfonts/cm/cmr12.pfb><C:/Users/Owner/AppData/Local/Programs/MiKTeX/fonts/type
1/public/amsfonts/cm/cmr17.pfb><C:/Users/Owner/AppData/Local/Programs/MiKTeX/fo
nts/type1/public/amsfonts/cm/cmr5.pfb><C:/Users/Owner/AppData/Local/Programs/Mi
KTeX/fonts/type1/public/amsfonts/cm/cmr6.pfb><C:/Users/Owner/AppData/Local/Prog
rams/MiKTeX/fonts/type1/public/amsfonts/cm/cmr7.pfb><C:/Users/Owner/AppData/Loc
al/Programs/MiKTeX/fonts/type1/public/amsfonts/cm/cmr8.pfb><C:/Users/Owner/AppD
ata/Local/Programs/MiKTeX/fonts/type1/public/amsfonts/cm/cmss8.pfb><C:/Users/Ow
ner/AppData/Local/Programs/MiKTeX/fonts/type1/public/amsfonts/cm/cmsy10.pfb><C:
/Users/Owner/AppData/Local/Programs/MiKTeX/fonts/type1/public/amsfonts/cm/cmsy6
.pfb><C:/Users/Owner/AppData/Local/Programs/MiKTeX/fonts/type1/public/amsfonts/
cm/cmsy7.pfb><C:/Users/Owner/AppData/Local/Programs/MiKTeX/fonts/type1/public/a
msfonts/cm/cmsy8.pfb><C:/Users/Owner/AppData/Local/Programs/MiKTeX/fonts/type1/
public/amsfonts/cm/cmti10.pfb><C:/Users/Owner/AppData/Local/Programs/MiKTeX/fon
ts/type1/public/amsfonts/cm/cmtt10.pfb><C:/Users/Owner/AppData/Local/Programs/M
iKTeX/fonts/type1/public/amsfonts/symbols/msbm10.pfb>
Output written on C:\Projects\StandardModel\AgentTasks\latex-build\null-edge-ma
in\Null_Edge_From_Area_to_Dirac_Gap_Manuscript_Draft_2026-07-10.pdf (37 pages,
650631 bytes).
PDF statistics:
 743 PDF objects out of 1000 (max. 8388607)
 187 named destinations out of 1000 (max. 500000)
 68629 words of extra memory for PDF output out of 74296 (max. 10000000)
